[setup] gel dims = LX=50 LY=50  (nodes 52x52, elems 51x51)
[setup] run_dir   = /media/xb/F963E8A1EEEE8BFC/liyang/li-gpu/BOTTOM FEEDBACK/phi_feedback/changeU/experiment2_pair_attractor/sweep_long_d60/CHM_000
[setup] data_dir  = /media/xb/F963E8A1EEEE8BFC/liyang/li-gpu/BOTTOM FEEDBACK/phi_feedback/changeU/experiment2_pair_attractor/sweep_long_d60/CHM_000/0
[setup] figs_dir  = /media/xb/F963E8A1EEEE8BFC/liyang/li-gpu/BOTTOM FEEDBACK/phi_feedback/changeU/experiment2_pair_attractor/sweep_long_d60/CHM_000/figs
[setup] params (s, κ, φ) = None
[setup] detected 2 gel(s), igs=[0, 1]
[15.0] gel0 bc shape=(90000, 10), idx range [0, 89999], unique=90000
[15.0] idx_to_TU = 1.0
[a] rc_timeseries.png …
[b] rc_trajectory.png …
[c] speed_timeseries.png …
[d] chemistry_final.png …
[e] memory_final.png …
[anim] preparing animation (90 frames @ 3 fps)
[anim] ffmpeg available = True
[anim]   frame 1/90  TU=1000
[anim]   frame 1/90  TU=1000
[anim]   frame 6/90  TU=6000
[anim]   frame 11/90  TU=11000
[anim]   frame 16/90  TU=16000
[anim]   frame 21/90  TU=21000
[anim]   frame 26/90  TU=26000
[anim]   frame 31/90  TU=31000
[anim]   frame 36/90  TU=36000
[anim]   frame 41/90  TU=41000
[anim]   frame 46/90  TU=46000
[anim]   frame 51/90  TU=51000
[anim]   frame 56/90  TU=56000
[anim]   frame 61/90  TU=61000
[anim]   frame 66/90  TU=66000
[anim]   frame 71/90  TU=71000
[anim]   frame 76/90  TU=76000
[anim]   frame 81/90  TU=81000
[anim]   frame 86/90  TU=86000
[anim]   frame 90/90  TU=90000
[anim] saved /media/xb/F963E8A1EEEE8BFC/liyang/li-gpu/BOTTOM FEEDBACK/phi_feedback/changeU/experiment2_pair_attractor/sweep_long_d60/CHM_000/figs/dynamics.mp4
[done]
