[setup] gel dims = LX=50 LY=50  (nodes 52x52, elems 51x51)
[setup] run_dir   = /media/xb/F963E8A1EEEE8BFC/liyang/li-gpu/BOTTOM FEEDBACK/phi_feedback/changeU/experiment2_pair_attractor/sweep_chm/chm_030
[setup] data_dir  = /media/xb/F963E8A1EEEE8BFC/liyang/li-gpu/BOTTOM FEEDBACK/phi_feedback/changeU/experiment2_pair_attractor/sweep_chm/chm_030/0
[setup] figs_dir  = /media/xb/F963E8A1EEEE8BFC/liyang/li-gpu/BOTTOM FEEDBACK/phi_feedback/changeU/experiment2_pair_attractor/sweep_chm/chm_030/figs
[setup] params (s, κ, φ) = None
[setup] detected 2 gel(s), igs=[0, 1]
[15.0] gel0 bc shape=(30000, 10), idx range [0, 29999], unique=30000
[15.0] idx_to_TU = 1.0
[a] rc_timeseries.png …
[b] rc_trajectory.png …
[c] speed_timeseries.png …
[d] chemistry_final.png …
[e] memory_final.png …
[anim] preparing animation (30 frames @ 3 fps)
[anim] ffmpeg available = True
[anim]   frame 1/30  TU=1000
[anim]   frame 1/30  TU=1000
[anim]   frame 6/30  TU=6000
[anim]   frame 11/30  TU=11000
[anim]   frame 16/30  TU=16000
[anim]   frame 21/30  TU=21000
[anim]   frame 26/30  TU=26000
[anim]   frame 30/30  TU=30000
[anim] saved /media/xb/F963E8A1EEEE8BFC/liyang/li-gpu/BOTTOM FEEDBACK/phi_feedback/changeU/experiment2_pair_attractor/sweep_chm/chm_030/figs/dynamics.mp4
[done]
