[2026-07-27 22:00:19] Continuation scheduler started lo=0.15000000 hi=0.18000000 tol=0.00200000 seed=CHM_015@200000 stages=[240000, 280000] gpus=['0', '1']
[2026-07-27 22:00:20] SEEDED CHM_0p16 from CHM_015 t=200000
[2026-07-27 22:00:20] START CHM_0p16 chi_M=0.16000000 GPU=0 target=240000
[2026-07-27 22:00:20] SEEDED CHM_0p17 from CHM_015 t=200000
[2026-07-27 22:00:20] START CHM_0p17 chi_M=0.17000000 GPU=1 target=240000
[2026-07-28 05:29:55] DONE CHM_0p16 target=240000 GPU=0
[2026-07-28 05:30:00] START CHM_0p16 chi_M=0.16000000 GPU=0 target=280000
[2026-07-28 05:31:06] DONE CHM_0p17 target=240000 GPU=1
[2026-07-28 05:31:11] START CHM_0p17 chi_M=0.17000000 GPU=1 target=280000
[2026-07-28 13:00:53] DONE CHM_0p16 target=280000 GPU=0
[2026-07-28 13:00:55] DECISION CHM_0p16 chi_M=0.16000000 target=280000 decision=locked
[2026-07-28 13:00:58] SEEDED CHM_0p16667 from CHM_015 t=200000
[2026-07-28 13:00:58] START CHM_0p16667 chi_M=0.16666667 GPU=0 target=240000
[2026-07-28 13:02:06] DONE CHM_0p17 target=280000 GPU=1
[2026-07-28 13:02:08] DECISION CHM_0p17 chi_M=0.17000000 target=280000 decision=locked
[2026-07-28 13:02:10] SEEDED CHM_0p17333 from CHM_015 t=200000
[2026-07-28 13:02:10] START CHM_0p17333 chi_M=0.17333333 GPU=1 target=240000
[2026-07-28 20:30:02] DONE CHM_0p16667 target=240000 GPU=0
[2026-07-28 20:30:07] SEEDED CHM_0p17667 from CHM_015 t=200000
[2026-07-28 20:30:07] START CHM_0p17667 chi_M=0.17666667 GPU=0 target=240000
[2026-07-28 20:34:31] DONE CHM_0p17333 target=240000 GPU=1
[2026-07-28 20:34:38] START CHM_0p17333 chi_M=0.17333333 GPU=1 target=280000
[2026-07-29 04:00:04] DONE CHM_0p17667 target=240000 GPU=0
[2026-07-29 04:00:13] START CHM_0p17667 chi_M=0.17666667 GPU=0 target=280000
[2026-07-29 04:07:09] DONE CHM_0p17333 target=280000 GPU=1
[2026-07-29 04:07:12] DECISION CHM_0p17333 chi_M=0.17333333 target=280000 decision=locked
[2026-07-29 04:07:18] SEEDED CHM_0p17556 from CHM_015 t=200000
[2026-07-29 04:07:18] START CHM_0p17556 chi_M=0.17555555 GPU=1 target=240000
[2026-07-29 11:30:36] DONE CHM_0p17667 target=280000 GPU=0
[2026-07-29 11:30:38] DECISION CHM_0p17667 chi_M=0.17666667 target=280000 decision=locked
[2026-07-29 11:30:45] SEEDED CHM_0p17778 from CHM_015 t=200000
[2026-07-29 11:30:45] START CHM_0p17778 chi_M=0.17777778 GPU=0 target=240000
[2026-07-29 11:38:48] DONE CHM_0p17556 target=240000 GPU=1
[2026-07-29 11:38:58] SEEDED CHM_0p17889 from CHM_015 t=200000
[2026-07-29 11:38:58] START CHM_0p17889 chi_M=0.17888889 GPU=1 target=240000
[2026-07-29 19:01:32] DONE CHM_0p17778 target=240000 GPU=0
[2026-07-29 19:01:42] START CHM_0p17778 chi_M=0.17777778 GPU=0 target=280000
[2026-07-29 19:08:45] DONE CHM_0p17889 target=240000 GPU=1
[2026-07-29 19:08:57] START CHM_0p17889 chi_M=0.17888889 GPU=1 target=280000
[2026-07-29 22:03:48] DECISION CHM_0p17778 chi_M=0.17777778 target=240000 decision=nonlinear
[2026-07-30 00:02:22] DECISION CHM_0p17889 chi_M=0.17888889 target=240000 decision=nonlinear
[2026-07-30 02:35:58] DONE CHM_0p17778 target=280000 GPU=0
[2026-07-30 02:36:06] SEEDED CHM_0p17704 from CHM_015 t=200000
[2026-07-30 02:36:06] START CHM_0p17704 chi_M=0.17703704 GPU=0 target=240000
[2026-07-30 02:39:42] DONE CHM_0p17889 target=280000 GPU=1
[2026-07-30 02:39:50] SEEDED CHM_0p17741 from CHM_015 t=200000
[2026-07-30 02:39:50] START CHM_0p17741 chi_M=0.17740741 GPU=1 target=240000
[2026-07-30 10:05:00] DONE CHM_0p17704 target=240000 GPU=0
[2026-07-30 10:05:12] START CHM_0p17704 chi_M=0.17703704 GPU=0 target=280000
[2026-07-30 10:11:14] DONE CHM_0p17741 target=240000 GPU=1
[2026-07-30 10:11:27] START CHM_0p17741 chi_M=0.17740741 GPU=1 target=280000
[2026-07-31 09:53:18] Continuation scheduler started lo=0.15000000 hi=0.18000000 tol=0.00200000 seed=CHM_015@200000 stages=[240000, 280000] gpus=['0', '1']
[2026-07-31 09:53:33] Continuation search complete lo=0.17666667 hi=0.17777778 width=0.00111111
