[2026-07-31 10:14:35] Supplement scheduler started jobs=18 gpus=['0', '1'] max_parallel=2
[2026-07-31 10:14:36] START CHM_0p17704 branch=critical-complete GPU=0 target=280000
[2026-07-31 10:14:38] START CHM_0p17741 branch=critical-complete GPU=1 target=280000
[2026-07-31 17:12:33] DONE CHM_0p17704 branch=critical-complete target=280000 GPU=0
[2026-07-31 17:12:35] SEEDED CHM_0p1772 branch=critical-dense from CHM_015@200000
[2026-07-31 17:12:35] START CHM_0p1772 branch=critical-dense GPU=0 target=280000
[2026-07-31 17:13:37] DONE CHM_0p17741 branch=critical-complete target=280000 GPU=1
[2026-07-31 17:13:40] SEEDED CHM_0p181 branch=post-0.18 from CHM_018@200000
[2026-07-31 17:13:40] START CHM_0p181 branch=post-0.18 GPU=1 target=240000
[2026-08-01 00:43:17] DONE CHM_0p181 branch=post-0.18 target=240000 GPU=1
[2026-08-01 00:43:21] SEEDED CHM_0p1775 branch=critical-dense from CHM_015@200000
[2026-08-01 00:43:21] START CHM_0p1775 branch=critical-dense GPU=0 target=280000
[2026-08-01 14:50:23] DONE CHM_0p1772 branch=critical-dense target=280000 GPU=0
[2026-08-01 14:50:27] SEEDED CHM_0p1825 branch=post-0.18 from CHM_018@200000
[2026-08-01 14:50:27] START CHM_0p1825 branch=post-0.18 GPU=1 target=240000
[2026-08-01 22:18:43] DONE CHM_0p1775 branch=critical-dense target=280000 GPU=0
[2026-08-01 22:18:49] SEEDED CHM_0p1776 branch=critical-dense from CHM_015@200000
[2026-08-01 22:18:49] START CHM_0p1776 branch=critical-dense GPU=0 target=280000
[2026-08-01 22:21:01] DONE CHM_0p1825 branch=post-0.18 target=240000 GPU=1
[2026-08-01 22:21:08] SEEDED CHM_0p185 branch=post-0.18 from CHM_018@200000
[2026-08-01 22:21:08] START CHM_0p185 branch=post-0.18 GPU=1 target=240000
[2026-08-02 05:52:49] DONE CHM_0p185 branch=post-0.18 target=240000 GPU=1
[2026-08-02 05:52:56] SEEDED CHM_0p1777 branch=critical-dense from CHM_015@200000
[2026-08-02 05:52:56] START CHM_0p1777 branch=critical-dense GPU=0 target=280000
[2026-08-02 19:46:52] DONE CHM_0p1776 branch=critical-dense target=280000 GPU=0
[2026-08-02 19:47:00] SEEDED CHM_0p1875 branch=post-0.18 from CHM_018@200000
[2026-08-02 19:47:00] START CHM_0p1875 branch=post-0.18 GPU=1 target=240000
[2026-08-03 03:15:34] DONE CHM_0p1875 branch=post-0.18 target=240000 GPU=1
[2026-08-03 03:15:43] SEEDED CHM_0p19 branch=post-0.18 from CHM_018@200000
[2026-08-03 03:15:43] START CHM_0p19 branch=post-0.18 GPU=0 target=240000
[2026-08-03 03:22:41] DONE CHM_0p1777 branch=critical-dense target=280000 GPU=0
[2026-08-03 03:22:50] SEEDED CHM_0p195 branch=post-0.18 from CHM_018@200000
[2026-08-03 03:22:50] START CHM_0p195 branch=post-0.18 GPU=1 target=240000
[2026-08-03 10:48:21] DONE CHM_0p19 branch=post-0.18 target=240000 GPU=0
[2026-08-03 10:48:33] SEEDED CHM_0p205 branch=post-0.18 from CHM_018@200000
[2026-08-03 10:48:33] START CHM_0p205 branch=post-0.18 GPU=0 target=240000
[2026-08-03 10:53:20] DONE CHM_0p195 branch=post-0.18 target=240000 GPU=1
[2026-08-03 10:53:32] SEEDED CHM_0p215 branch=post-0.18 from CHM_018@200000
[2026-08-03 10:53:32] START CHM_0p215 branch=post-0.18 GPU=1 target=240000
[2026-08-03 18:17:16] DONE CHM_0p205 branch=post-0.18 target=240000 GPU=0
[2026-08-03 18:17:31] SEEDED CHM_0p22 branch=post-0.18 from CHM_018@200000
[2026-08-03 18:17:31] START CHM_0p22 branch=post-0.18 GPU=0 target=240000
[2026-08-03 18:25:03] DONE CHM_0p215 branch=post-0.18 target=240000 GPU=1
[2026-08-03 18:25:19] SEEDED CHM_0p24 branch=post-0.18 from CHM_018@200000
[2026-08-03 18:25:19] START CHM_0p24 branch=post-0.18 GPU=1 target=240000
[2026-08-04 01:45:38] DONE CHM_0p22 branch=post-0.18 target=240000 GPU=0
[2026-08-04 01:45:52] SEEDED CHM_0p26 branch=post-0.18 from CHM_018@200000
[2026-08-04 01:45:52] START CHM_0p26 branch=post-0.18 GPU=0 target=240000
[2026-08-04 01:57:11] DONE CHM_0p24 branch=post-0.18 target=240000 GPU=1
[2026-08-04 01:57:29] SEEDED CHM_0p29 branch=post-0.18 from CHM_018@200000
[2026-08-04 01:57:29] START CHM_0p29 branch=post-0.18 GPU=1 target=240000
[2026-08-04 09:14:15] DONE CHM_0p26 branch=post-0.18 target=240000 GPU=0
[2026-08-04 09:29:23] DONE CHM_0p29 branch=post-0.18 target=240000 GPU=1
[2026-08-04 09:29:39] Supplement scheduler complete; refreshing outputs
